contents: |
  apiVersion: v1
  kind: Pod
  metadata:
    annotations:
      scheduler.alpha.kubernetes.io/critical-pod: ""
    creationTimestamp: null
    labels:
      k8s-app: kube-proxy
      tier: node
    name: kube-proxy
    namespace: kube-system
  spec:
    containers:
    - args:
      - --cluster-cidr=100.96.0.0/11
      - --conntrack-max-per-core=131072
      - --hostname-override=@aws
      - --kubeconfig=/var/lib/kube-proxy/kubeconfig
      - --master=https://127.0.0.1
      - --oom-score-adj=-998
      - --v=2
      - --logtostderr=false
      - --alsologtostderr
      - --log-file=/var/log/kube-proxy.log
      command:
      - /usr/local/bin/kube-proxy
      image: k8s.gcr.io/kube-proxy:v1.18.0
      name: kube-proxy
      resources:
        requests:
          cpu: 100m
      securityContext:
        privileged: true
      volumeMounts:
      - mountPath: /var/log/kube-proxy.log
        name: logfile
      - mountPath: /var/lib/kube-proxy/kubeconfig
        name: kubeconfig
        readOnly: true
      - mountPath: /lib/modules
        name: modules
        readOnly: true
      - mountPath: /etc/ssl/certs
        name: ssl-certs-hosts
        readOnly: true
      - mountPath: /run/xtables.lock
        name: iptableslock
    hostNetwork: true
    priorityClassName: system-node-critical
    tolerations:
    - key: CriticalAddonsOnly
      operator: Exists
    volumes:
    - hostPath:
        path: /var/log/kube-proxy.log
      name: logfile
    - hostPath:
        path: /var/lib/kube-proxy/kubeconfig
      name: kubeconfig
    - hostPath:
        path: /lib/modules
      name: modules
    - hostPath:
        path: /usr/share/ca-certificates
      name: ssl-certs-hosts
    - hostPath:
        path: /run/xtables.lock
        type: FileOrCreate
      name: iptableslock
  status: {}
path: /etc/kubernetes/manifests/kube-proxy.manifest
type: file
---
contents: |
  apiVersion: v1
  clusters:
  - cluster:
      certificate-authority-data: LS0tLS1CRUdJTiBDRVJUSUZJQ0FURS0tLS0tCk1JSUMyRENDQWNDZ0F3SUJBZ0lSQUxKWEFrVmo5NjR0cTY3d01TSThvSlF3RFFZSktvWklodmNOQVFFTEJRQXcKRlRFVE1CRUdBMVVFQXhNS2EzVmlaWEp1WlhSbGN6QWVGdzB4TnpFeU1qY3lNelV5TkRCYUZ3MHlOekV5TWpjeQpNelV5TkRCYU1CVXhFekFSQmdOVkJBTVRDbXQxWW1WeWJtVjBaWE13Z2dFaU1BMEdDU3FHU0liM0RRRUJBUVVBCkE0SUJEd0F3Z2dFS0FvSUJBUURnbkNrU210bm1meEVnUzNxTlBhVUNINVFPQkdESC9pbkhiV0NPRExCQ0s5Z2QKWEVjQmw3RlZ2OFQya0ZyMURZYjBIVkR0TUk3dGl4UlZGRExna3dObFczNHh3V2RaWEI3R2VvRmdVMXhXT1FTWQpPQUNDOEpnWVRRLzEzOUhCRXZncTRzZWo2N3ArL3MvU05jdzM0S2s3SEl1RmhsazFyUms1a01leEtJbEpCS1AxCllZVVlldHNKL1FwVU9rcUo1SFc0R29ldEU3Nll0SG5PUmZZdm55YnZpU01yaDJ3R0dhTjZyL3M0Q2hPYUliWkMKQW44L1lpUEtHSURhWkdwajZHWG5tWEFSUlgvVElkZ1NRa0x3dDBhVERCblBaNFh2dHBJOGFhTDhEWUpJcUF6QQpOUEgyYjQvdU55bGF0NWpEbzBiMEc1NGFnTWk5NysyQVVyQzlVVVhwQWdNQkFBR2pJekFoTUE0R0ExVWREd0VCCi93UUVBd0lCQmpBUEJnTlZIUk1CQWY4RUJUQURBUUgvTUEwR0NTcUdTSWIzRFFFQkN3VUFBNElCQVFCVkdSMnIKaHpYelJNVTV3cmlQUUFKU2Nzek5PUnZvQnBYZlpvWjA5Rkl1cHVkRnhCVlUzZDRoVjlTdEtuUWdQU0dBNVhRTwpIRTk3K0J4SkR1QS9yQjVvQlVzTUJqYzd5MWNkZS9UNmhtaTNyTG9FWUJTblN1ZENPWEpFNEc5LzBmOGJ5QUplCnJOOCtObzFyMlZnWnZaaDZwNzRURWtYdi9sM0hCUFdNN0lkVVYwSE85SkRoU2dPVkYxZnlRS0p4UnVMSlI4anQKTzZtUEgyVVgwdk13VmE0anZ3dGtkZHFrMk9BZFlRdkg5cmJEampiemFpVzBLbm1kdWVSbzkyS0hBTjdCc0RaeQpWcFhIcHFvMUt6ZzdEM2ZwYVhDZjVzaTdscXFyZEpWWEg0SkM3Mnp4c1BlaHFnaThlSXVxT0JraURXbVJ4QXhoCjh5R2VSeDlBYmtuSGg0SWEKLS0tLS1FTkQgQ0VSVElGSUNBVEUtLS0tLQo=
      server: https://127.0.0.1
    name: local
  contexts:
  - context:
      cluster: local
      user: kube-proxy
    name: service-account-context
  current-context: service-account-context
  kind: Config
  users:
  - name: kube-proxy
    user:
      client-certificate-data: LS0tLS1CRUdJTiBDRVJUSUZJQ0FURS0tLS0tCk1JSUMyRENDQWNDZ0F3SUJBZ0lSQUxKWEFrVmo5NjR0cTY3d01TSThvSlF3RFFZSktvWklodmNOQVFFTEJRQXcKRlRFVE1CRUdBMVVFQXhNS2EzVmlaWEp1WlhSbGN6QWVGdzB4TnpFeU1qY3lNelV5TkRCYUZ3MHlOekV5TWpjeQpNelV5TkRCYU1CVXhFekFSQmdOVkJBTVRDbXQxWW1WeWJtVjBaWE13Z2dFaU1BMEdDU3FHU0liM0RRRUJBUVVBCkE0SUJEd0F3Z2dFS0FvSUJBUURnbkNrU210bm1meEVnUzNxTlBhVUNINVFPQkdESC9pbkhiV0NPRExCQ0s5Z2QKWEVjQmw3RlZ2OFQya0ZyMURZYjBIVkR0TUk3dGl4UlZGRExna3dObFczNHh3V2RaWEI3R2VvRmdVMXhXT1FTWQpPQUNDOEpnWVRRLzEzOUhCRXZncTRzZWo2N3ArL3MvU05jdzM0S2s3SEl1RmhsazFyUms1a01leEtJbEpCS1AxCllZVVlldHNKL1FwVU9rcUo1SFc0R29ldEU3Nll0SG5PUmZZdm55YnZpU01yaDJ3R0dhTjZyL3M0Q2hPYUliWkMKQW44L1lpUEtHSURhWkdwajZHWG5tWEFSUlgvVElkZ1NRa0x3dDBhVERCblBaNFh2dHBJOGFhTDhEWUpJcUF6QQpOUEgyYjQvdU55bGF0NWpEbzBiMEc1NGFnTWk5NysyQVVyQzlVVVhwQWdNQkFBR2pJekFoTUE0R0ExVWREd0VCCi93UUVBd0lCQmpBUEJnTlZIUk1CQWY4RUJUQURBUUgvTUEwR0NTcUdTSWIzRFFFQkN3VUFBNElCQVFCVkdSMnIKaHpYelJNVTV3cmlQUUFKU2Nzek5PUnZvQnBYZlpvWjA5Rkl1cHVkRnhCVlUzZDRoVjlTdEtuUWdQU0dBNVhRTwpIRTk3K0J4SkR1QS9yQjVvQlVzTUJqYzd5MWNkZS9UNmhtaTNyTG9FWUJTblN1ZENPWEpFNEc5LzBmOGJ5QUplCnJOOCtObzFyMlZnWnZaaDZwNzRURWtYdi9sM0hCUFdNN0lkVVYwSE85SkRoU2dPVkYxZnlRS0p4UnVMSlI4anQKTzZtUEgyVVgwdk13VmE0anZ3dGtkZHFrMk9BZFlRdkg5cmJEampiemFpVzBLbm1kdWVSbzkyS0hBTjdCc0RaeQpWcFhIcHFvMUt6ZzdEM2ZwYVhDZjVzaTdscXFyZEpWWEg0SkM3Mnp4c1BlaHFnaThlSXVxT0JraURXbVJ4QXhoCjh5R2VSeDlBYmtuSGg0SWEKLS0tLS1FTkQgQ0VSVElGSUNBVEUtLS0tLQo=
      client-key-data: LS0tLS1CRUdJTiBSU0EgUFJJVkFURSBLRVktLS0tLQpNSUlFcEFJQkFBS0NBUUVBNEp3cEVwclo1bjhSSUV0NmpUMmxBaCtVRGdSZ3gvNHB4MjFnamd5d1FpdllIVnhICkFaZXhWYi9FOXBCYTlRMkc5QjFRN1RDTzdZc1VWUlF5NEpNRFpWdCtNY0ZuV1Z3ZXhucUJZRk5jVmprRW1EZ0EKZ3ZDWUdFMFA5ZC9Sd1JMNEt1TEhvK3U2ZnY3UDBqWE1OK0NwT3h5TGhZWlpOYTBaT1pESHNTaUpTUVNqOVdHRgpHSHJiQ2YwS1ZEcEtpZVIxdUJxSHJSTyttTFI1emtYMkw1OG03NGtqSzRkc0JobWplcS83T0FvVG1pRzJRZ0ovClAySWp5aGlBMm1ScVkraGw1NWx3RVVWLzB5SFlFa0pDOExkR2t3d1p6MmVGNzdhU1BHbWkvQTJDU0tnTXdEVHgKOW0rUDdqY3BXcmVZdzZORzlCdWVHb0RJdmUvdGdGS3d2VkZGNlFJREFRQUJBb0lCQUEwa3RqYVRmeXJBeHNUSQpCZXpiN1pyNU5CVzU1ZHZ1SUkyOTljZDZNSm8rckkvVFJZaHZVdjQ4a1k4SUZYcC9oeVVqemdlREx1bnhtSWY5Ci9aZ3NvaWM5T2w0NC9nNDVtTWR1aGNHWVB6QUFlQ2RjSjVPQjlyUjlWZkRDWHlqWUxsTjhIOGlVMDczNHRUcU0KMFYxM3RROXpkU3FrR1BaT0ljcS9rUi9weWxiT1phUU1lOTdCVGxzQW5PTVNNS0RnbmZ0WTQxMjJMcTNHWXkrdAp2cHIrYktWYVFad3ZrTG9TVTNyRUNDYUthZ2hnd0N5WDdqZnQ5YUVraGRKditLbHdic0dZNldFcnZ4T2FMV0hkCmN1TVFqR2FwWTFGYS80VUQwMG12ckEyNjBOeUtmenJwNitQNDZSclZNd0VZUkpNSVE4WUJBazZONkhoN2RjMEcKOFo2aTFtMENnWUVBOUhlQ0pSMFRTd2JJUTFiRFhVcnpwZnRIdWlkRzVCblNCdGF4L05EOXFJUGhSL0ZCVzVuagoyMm53TGM0OEtreWlybGZJVUxkMGFlNHFWWEpuN3dmWWN1WC9jSk1MRG1TVnRsTTVEem1pLzkxeFJpRmdJengxCkFzYkJ6YUZqSVNQMkhwU2dMK2U5RnRTWGFhcWVaVnJmbGl0VmhZS1VwSS9BS1YzMXFHSGYwNHNDZ1lFQTZ6VFYKOTlTYjQ5V2RsbnM1SWdzZm5YbDZUb1J0dEIxOGxmRUtjVmZqQU00ZnJua2swNkpwRkFaZVIrOUdHS1VYWkhxcwp6MnFjcGx3NGQvbW9DQzZwM3JZUEJNTFhzckdORVVGWnFCbGd6NzJRQTZCQnEzWDBDZzFCYzJaYks1Vkl6d2tnClNUMlNTdXg2Y2NST2ZnVUxtTjVaaUxPdGRVS05FWnBGRjNpM3F0c0NnWUFEVC9zN2RZRmxhdG9iejNrbU1uWEsKc2ZUdTJNbGxIZFJ5czBZR0h1N1E4YmlEdVFraHJKd2h4UFcwS1M4M2c0SlF5bSswYUVmemgzNmJXY2wrdTZSNwpLaEtqKzlvU2Y5cG5kZ2szNDVnSnozNVJiUEpZaCtFdUFITnZ6ZGdDQXZLNngxakVUV2VLZjZidGo1cEYxVTFpClE0UU5Jdy9RaXdJWGpXWmV1YlRHc1FLQmdRQ2JkdUx1MnJMbmx5eUFhSlpNOERsSFp5SDJnQVhiQlpweHFVOFQKdDltdGtKRFVTL0tSaUVvWUdGVjlDcVMwYVhyYXlWTXNEZlhZNkIvUy9VdVpqTzV1N0x0a2xEenFPZjFhS0czUQpkR1hQS2lia25xcUpZSCtiblVOanVZWU5lckVUVjU3bGlqTUdIdVNZQ2Y4dndMbjNveEJmRVJSWDYxTS9EVThaCndvcnovUUtCZ1FEQ1RKSTIramRYZzI2WHVZVW1NNFhYZm5vY2Z6QVhoWEJVTHQxbkVOY29nTmYxZmNwdEFWdHUKQkFpejQvSGlwUUtxb1dWVVlteGZnYmJMUktLTEswczBsT1dLYllkVmpoRW0vbTJaVTh3dFhUYWdOd2tJR295cQpZL0MxTG94NGYxUk9KbkNqYy9oZmNPamN4WDVNOEE4cGVlY0hXbFZ0VVBLVEpneFE3b01LY3c9PQotLS0tLUVORCBSU0EgUFJJVkFURSBLRVktLS0tLQo=
mode: "0400"
path: /var/lib/kube-proxy/kubeconfig
type: file
---
contents: ""
ifNotExists: true
mode: "0400"
path: /var/log/kube-proxy.log
type: file
